// Jest Snapshot v1, https://goo.gl/fbAQLP

exports[`<Footer /> renders the <Footer /> with populated data 1`] = `
<div
  class="footer__Container-t8mrf1-0 iAIcHo"
>
  <p
    class="footer__Title-t8mrf1-4 cGgYVJ"
  >
    Questions? Contact us.
  </p>
  <div
    class="footer__Break-t8mrf1-6 gREKgi"
  />
  <div
    class="footer__Row-t8mrf1-2 gMFVSD"
  >
    <div
      class="footer__Column-t8mrf1-1 iDBIdQ"
    >
      <a
        class="footer__Link-t8mrf1-3 coqMEA"
        href="#"
      >
        FAQ
      </a>
      <a
        class="footer__Link-t8mrf1-3 coqMEA"
        href="#"
      >
        Investor Relations
      </a>
      <a
        class="footer__Link-t8mrf1-3 coqMEA"
        href="#"
      >
        Ways to Watch
      </a>
      <a
        class="footer__Link-t8mrf1-3 coqMEA"
        href="#"
      >
        Corporate Information
      </a>
      <a
        class="footer__Link-t8mrf1-3 coqMEA"
        href="#"
      >
        Netflix Originals
      </a>
    </div>
    <div
      class="footer__Column-t8mrf1-1 iDBIdQ"
    >
      <a
        class="footer__Link-t8mrf1-3 coqMEA"
        href="#"
      >
        Help Centre
      </a>
      <a
        class="footer__Link-t8mrf1-3 coqMEA"
        href="#"
      >
        Jobs
      </a>
      <a
        class="footer__Link-t8mrf1-3 coqMEA"
        href="#"
      >
        Terms of Use
      </a>
      <a
        class="footer__Link-t8mrf1-3 coqMEA"
        href="#"
      >
        Contact Us
      </a>
    </div>
    <div
      class="footer__Column-t8mrf1-1 iDBIdQ"
    >
      <a
        class="footer__Link-t8mrf1-3 coqMEA"
        href="#"
      >
        Account
      </a>
      <a
        class="footer__Link-t8mrf1-3 coqMEA"
        href="#"
      >
        Redeem gift cards
      </a>
      <a
        class="footer__Link-t8mrf1-3 coqMEA"
        href="#"
      >
        Privacy
      </a>
      <a
        class="footer__Link-t8mrf1-3 coqMEA"
        href="#"
      >
        Speed Test
      </a>
    </div>
    <div
      class="footer__Column-t8mrf1-1 iDBIdQ"
    >
      <a
        class="footer__Link-t8mrf1-3 coqMEA"
        href="#"
      >
        Media Centre
      </a>
      <a
        class="footer__Link-t8mrf1-3 coqMEA"
        href="#"
      >
        Buy gift cards
      </a>
      <a
        class="footer__Link-t8mrf1-3 coqMEA"
        href="#"
      >
        Cookie Preferences
      </a>
      <a
        class="footer__Link-t8mrf1-3 coqMEA"
        href="#"
      >
        Legal Notices
      </a>
    </div>
  </div>
  <div
    class="footer__Break-t8mrf1-6 gREKgi"
  />
  <p
    class="footer__Text-t8mrf1-5 eFdQug"
  >
    Netflix United Kingdom
  </p>
</div>
`;
