// Jest Snapshot v1, https://goo.gl/fbAQLP

exports[`<Header /> renders the basic <Header /> with a background 1`] = `
<div
  class="header__Background-sc-1puvp8e-0 kjCJNY"
  data-testid="header-bg"
>
  <div
    class="header__Container-sc-1puvp8e-1 dJboat"
  >
    <p
      class="header__Link-sc-1puvp8e-2 ZnJUZ"
    >
      Hello I am a link!
    </p>
  </div>
</div>
`;

exports[`<Header /> renders the full <Header> with a background 1`] = `
<div
  class="header__Background-sc-1puvp8e-0 bkczZy"
  data-testid="header-bg"
  src="joker1"
>
  <div
    class="header__Container-sc-1puvp8e-1 dJboat"
  >
    <div
      class="header__Group-sc-1puvp8e-3 jNRbOY"
    >
      <p
        class="header__Link-sc-1puvp8e-2 hXqjdZ"
      >
        Series
      </p>
      <p
        class="header__Link-sc-1puvp8e-2 hXqjdZ"
      >
        Films
      </p>
    </div>
    <div
      class="header__Group-sc-1puvp8e-3 jNRbOY"
    >
      <div
        class="header__Search-sc-1puvp8e-5 gLRBJM"
      >
        <button
          class="header__SearchIcon-sc-1puvp8e-6 Oalyh"
          data-testid="search-click"
        >
          <img
            alt="Search"
            src="/images/icons/search.png"
          />
        </button>
        <input
          class="header__SearchInput-sc-1puvp8e-4 AGeIv"
          data-testid="search-input"
          placeholder="Search films and series"
          value="Joker"
        />
      </div>
      <div
        class="header__Profile-sc-1puvp8e-10 lcVMfl"
      >
        <button
          class="header__Picture-sc-1puvp8e-8 fEcRVQ"
          src="/images/users//images/karl.png.png"
        />
        <div
          class="header__Dropdown-sc-1puvp8e-9 iHpgCa"
        >
          <div
            class="header__Group-sc-1puvp8e-3 jNRbOY"
          >
            <button
              class="header__Picture-sc-1puvp8e-8 fEcRVQ"
              src="/images/users//images/karl.png.png"
            />
            <p
              class="header__Link-sc-1puvp8e-2 hXqjdZ"
            >
              Karl Hadwen
            </p>
          </div>
          <div
            class="header__Group-sc-1puvp8e-3 jNRbOY"
          >
            <p
              class="header__Link-sc-1puvp8e-2 hXqjdZ"
            >
              Sign out
            </p>
          </div>
        </div>
      </div>
    </div>
  </div>
  <div
    class="header__Container-sc-1puvp8e-1 header__Feature-sc-1puvp8e-11 dJboat hMfbHl"
  >
    <h2
      class="header__FeatureCallOut-sc-1puvp8e-12 emDuUL"
    >
      Watch Joker Now
    </h2>
    <p
      class="header__Text-sc-1puvp8e-13 fGtIbv"
    >
      Forever alone in a crowd...
    </p>
    <button
      class="header__PlayButton-sc-1puvp8e-15 cEYJbW"
    >
      Play
    </button>
  </div>
</div>
`;
